[bitgamble.org/index.html]
[backblue.gif]
[fade.gif]
[index.html]
[www.google-analytics.com/analytics.js]
[fonts.googleapis.com/index.html]
[use.fontawesome.com/index.html]
[bitgamble.org/wp-content/plugins/wp-report-post/css/style6712.css]
[bitgamble.org/home/feed/index.html]
[bitgamble.org/wp-content/plugins/wp-report-post/lib/remodal/remodal6712.css]
[bitgamble.org/wp-content/plugins/countdown-timer-ultimate/assets/css/wpcdt-timecircles54f4.css]
[bitgamble.org/wp-content/plugins/featured-posts-pro/public/css/featured_posts_pro-public8a54.css]
[bitgamble.org/wp-content/plugins/wp-postratings/css/postratings-css2941.css]
[bitgamble.org/wp-content/themes/hyipdog/assets/css/bootstrap19f6.css]
[bitgamble.org/wp-content/themes/hyipdog/assets/css/slick19f6.css]
[bitgamble.org/wp-content/themes/hyipdog/style19f6.css]
[use.fontawesome.com/releases/v5.14.0/css/all.css]
[use.fontawesome.com/releases/v5.14.0/css/v4-shims.css]
[use.fontawesome.com/releases/v5.14.0/webfonts/fa-brands-400.svg]
[use.fontawesome.com/releases/v5.14.0/webfonts/fa-solid-900.svg]
[use.fontawesome.com/releases/v5.14.0/webfonts/fa-regular-400.svg]
[ajax.googleapis.com/ajax/libs/jquery/2.2.2/jquery.min5152.js]
[bitgamble.org/wp-content/plugins/wp-report-post/lib/remodal/remodal6712.js]
[bitgamble.org/wp-content/plugins/google-analytics-for-wordpress/assets/js/frontend.min0f3b.js]
[bitgamble.org/wp-content/themes/hyipdog/assets/js/bootstrap19f6.js]
[bitgamble.org/wp-content/themes/hyipdog/assets/js/slick19f6.js]
[bitgamble.org/wp-content/themes/hyipdog/assets/js/main19f6.js]
[bitgamble.org/wp-json/index.html]
[bitgamble.org/xmlrpc0db0.php]
[bitgamble.org/wp-includes/wlwmanifest.xml]
[bitgamble.org/wp-json/oembed/1.0/embedceee.json]
[bitgamble.org/wp-json/oembed/1.0/embed9b9a]
[bitgamble.org/wp-content/uploads/2019/12/cropped-icon-32x32.png]
[bitgamble.org/wp-content/uploads/2019/12/cropped-icon-192x192.png]
[bitgamble.org/wp-content/uploads/2019/12/cropped-icon-180x180.png]
[bitgamble.org/wp-content/themes/hyipdog/assets/images/favicon.png]
[bitgamble.org/wp-content/themes/hyipdog/assets/favicon.png]
[bitgamble.org/wp-content/themes/hyipdog/assets/images/bg2.png]
[bitgamble.org/wp-content/uploads/2021/04/728x90.jpg]
[bitgamble.org/bitcoin-casino/index.html]
[bitgamble.org/free-bitcoin-faucet/index.html]
[bitgamble.org/wp-content/uploads/2019/12/stakestake-logo.png]
[bitgamble.org/indexa5e2.html]
[bitgamble.org/bitcoin-poker-sites/index.html]
[bitgamble.org/wp-content/plugins/wp-postratings/images/stars(png)/rating_on.png]
[bitgamble.org/wp-content/plugins/wp-postratings/images/stars(png)/rating_off.png]
[bitgamble.org/about-us/index.html]
[bitgamble.org/wp-content/plugins/wp-postratings/images/loading.gif]
[bitgamble.org/wp-content/uploads/2019/12/sportsbetlogo1.png]
[bitgamble.org/bitcoin-casino/bitcoin-casino-reviews-stake-review/index.html]
[bitgamble.org/wp-content/plugins/wp-postratings/images/stars(png)/rating_half.png]
[bitgamble.org/bitcoin-casino/bitcoin-casino-101-sportsbetio-review/index.html]
[bitgamble.org/wp-content/uploads/2019/12/CloudBet-Logo-300x300.jpg]
[bitgamble.org/wp-content/uploads/2020/06/winz.io_.jpg]
[bitgamble.org/wp-content/uploads/2021/08/goodman-casino-review-bitgamble.png]
[bitgamble.org/wp-content/uploads/2021/03/cryptothrills.jpg]
[bitgamble.org/bitcoin-casino/bitcoin-casino-101-cloudbet-review/index.html]
[bitgamble.org/wp-content/uploads/2020/11/BETROOM-LOGO.jpg]
[bitgamble.org/wp-content/uploads/2020/08/vegaz-casino-1.jpg]
[bitgamble.org/wp-content/uploads/2020/07/MELBET.jpg]
[bitgamble.org/bitcoin-casino/winz-io-casino-review/index.html]
[bitgamble.org/wp-content/uploads/2020/06/3Rsnz7rZ_400x400.png]
[bitgamble.org/bitcoin-casino/goodmancasino-review/index.html]
[bitgamble.org/wp-content/uploads/2020/05/logo.png]
[bitgamble.org/wp-content/uploads/2020/04/eosbet__token_3d.png]
[bitgamble.org/wp-content/uploads/2020/03/1xbit.jpg]
[bitgamble.org/wp-content/uploads/2019/12/mBitcasinologo.png]
[bitgamble.org/bitcoin-casino/cryptothrills-casino-review/index.html]
[bitgamble.org/wp-content/uploads/2019/12/primedice-logo.jpg]
[bitgamble.org/wp-content/themes/hyipdog/assets/images/other_methods_img.png]
[bitgamble.org/wp-content/uploads/2019/12/afc79f26347dc0838916f5074e4a842e.jpg]
[bitgamble.org/wp-content/uploads/2019/12/TF-new-logo.png]
[bitgamble.org/bitcoin-casino/betroom24-review/index.html]
[bitgamble.org/wp-content/uploads/2019/12/bspin-io-casino-logo.png]
[bitgamble.org/bitcoin-casino/vegaz-casino-review/index.html]
[bitgamble.org/wp-content/uploads/2019/12/playamo-casino-logo.png]
[bitgamble.org/bitcoin-casino/melbet-casino-review/index.html]
[bitgamble.org/bitcoin-casino/peergame-review/index.html]
[bitgamble.org/bitcoin-casino/bc-game-review/index.html]
[bitgamble.org/wp-content/uploads/2019/12/bitstarzz-logo.png]
[bitgamble.org/bitcoin-casino/earnbet-casino/index.html]
[bitgamble.org/wp-content/uploads/2019/12/crypto-games-logo.png]
[bitgamble.org/bitcoin-casino/1xbit-2/index.html]
[bitgamble.org/wp-content/uploads/2019/12/mega-dice-casino-logo.png]
[bitgamble.org/bitcoin-casino/mbit-casino-reviews/index.html]
[bitgamble.org/wp-content/uploads/2019/12/CasinoChan-logo.jpg]
[bitgamble.org/wp-content/uploads/2019/12/syndicate-logo.png]
[cdnjs.cloudflare.com/ajax/libs/bootstrap-table/1.11.1/bootstrap-table.min.js]
[bitgamble.org/bitcoin-casino/trueflip-review-bitcoin-casino/index.html]
[bitgamble.org/bitcoin-casino/primedice-review-bitcoin-casino/index.html]
[bitgamble.org/bitcoin-casino/luckygames-review/index.html]
[bitgamble.org/wp-content/themes/hyipdog/assets/images/ssl.png]
[bitgamble.org/bitcoin-casino/bspin-review-bitcoin-casino/index.html]
[bitgamble.org/bitcoin-casino/playamo-review-bitcoin-casino/index.html]
[bitgamble.org/bitcoin-casino/bit-starz-review-bitcoin-casino-101/index.html]
[images.dmca.com/Badges/dmca-badge-w100-2x1-03c281.png]
[images.dmca.com/Badges/DMCABadgeHelper.min.js]
[bitgamble.org/bitcoin-casino/crypto-games-review-bitcoin-casino/index.html]
[bitgamble.org/wp-content/themes/hyipdog/assets/images/begambleawareorg_black_png.png]
[bitgamble.org/wp-content/themes/hyipdog/assets/images/icon_fb.png]
[bitgamble.org/bitcoin-casino/mega-dice-review-bitcoin-casino/index.html]
[bitgamble.org/wp-content/themes/hyipdog/assets/images/icon_tw.png]
[bitgamble.org/cdn-cgi/l/email-protection.html]
[bitgamble.org/cdn-cgi/scripts/5c5dd728/cloudflare-static/email-decode.min.js]
[bitgamble.org/wp-content/plugins/disqus-comment-system/public/js/comment_countd4e0.js]
[bitgamble.org/wp-content/plugins/wp-postratings/images/stars(png)/rating_over.png]
[bitgamble.org/bitcoin-casino/casino-chan-review-bitcoin-casino/index.html]
[bitgamble.org/wp-content/plugins/wp-postratings/js/postratings-js2941.js]
[bitgamble.org/wp-includes/js/wp-embed.min6712.js]
[bitgamble.org/bitcoin-casino/syndicate-casino-review-bitcoin-casino-101/index.html]
[bitgamble.org/index.html]
[bitgamble.org/wp-admin/admin-ajaxa476.html]
[ajax.googleapis.com/index.html]
[fonts.googleapis.com/index.html]
[use.fontawesome.com/index.html]
[s.w.org/index.html]
[fonts.googleapis.com/css80d6.css]
[bitgamble.org/bitcoin-casino/index.html]
[bitgamble.org/bitcoin-casino/page/2/index.html]
[bitgamble.org/bitcoin-casino/feed/index.html]
[bitgamble.org/wp-json/oembed/1.0/embed1c8e.json]
[bitgamble.org/wp-json/oembed/1.0/embed78c6]
[bitgamble.org/wp-content/uploads/2020/05/cppppp.jpg]
[bitgamble.org/wp-content/uploads/2020/06/swc-poker.jpg]
[bitgamble.org/wp-content/uploads/2020/05/fewfewfwfwgw.jpg]
[bitgamble.org/wp-content/uploads/2020/08/favicon.png]
[bitgamble.org/bitcoin-poker-sites/index.html]
[bitgamble.org/bitcoin-poker/coinpoker-review/index.html]
[bitgamble.org/wp-content/plugins/popup-by-supsystic/modules/popup/css/frontend.popup73b9.css]
[bitgamble.org/bitcoin-poker/swc-poker-review/index.html]
[bitgamble.org/bitcoin-poker/realpoker-net-review/index.html]
[cdnjs.cloudflare.com/ajax/libs/animate.css/3.4.0/animate.min73b9.css]
[cdnjs.cloudflare.com/index.html]
[bitgamble.org/wp-content/plugins/popup-by-supsystic/js/common.min73b9.js]
[bitgamble.org/bitcoin-poker/blockchain-poker/index.html]
[bitgamble.org/wp-content/plugins/popup-by-supsystic/js/core.min73b9.js]
[bitgamble.org/wp-content/plugins/popup-by-supsystic/modules/popup/js/frontend.popup73b9.js]
[bitgamble.org/wp-json/oembed/1.0/embede9f9.json]
[bitgamble.org/wp-json/oembed/1.0/embedb137]
[bitgamble.org/wp-content/uploads/2020/07/regegrege.jpg]
[bitgamble.org/wp-content/uploads/2020/07/bitcoinker.png]
[bitgamble.org/mining/firefaucet-win/index.html]
[bitgamble.org/wp-content/uploads/2020/07/CMG.png]
[bitgamble.org/mining/bitcoinker-review/index.html]
[bitgamble.org/wp-content/uploads/2020/07/freebitcoin.png]
[bitgamble.org/wp-content/uploads/2020/07/coinfaucet.png]
[bitgamble.org/wp-content/uploads/2020/07/FLXCYz54_400x400.jpg]
[bitgamble.org/mining/crypto-mining-game/index.html]
[bitgamble.org/wp-content/uploads/2020/06/ec_logo_large.jpg]
[bitgamble.org/mining/freebitco-in-review/index.html]
[bitgamble.org/wp-content/uploads/2020/03/cointiplyy2.png]
[bitgamble.org/free-bitcoin-faucet/index.html]
[bitgamble.org/wp-content/uploads/2020/10/photo_2020-09-08_12-44-36-150x150.jpg]
[bitgamble.org/mining/coinfaucet-io/index.html]
[bitgamble.org/wp-content/uploads/2020/09/uniswap-logo-150x150.png]
[bitgamble.org/mining/allcoins-pw/index.html]
[bitgamble.org/wp-content/uploads/2020/09/photo_2020-10-23_00-51-10-150x150.jpg]
[bitgamble.org/wp-content/uploads/2020/09/o7Fpz4E_400x400-150x150.jpg]
[bitgamble.org/wp-content/uploads/2020/09/70924405-150x150.png]
[bitgamble.org/mining/earncrypto-com-review/index.html]
[bitgamble.org/wp-content/uploads/2020/09/0z2bQDnW-150x150.jpg]
[bitgamble.org/wp-content/uploads/2020/08/Why-should-you-choose-to-play-Blackjack-online-1080x6751-150x150.jpg]
[bitgamble.org/wp-content/uploads/2020/08/OIP.0OBDQbsyEWgGpZ7qlZwvjAAAAA1-150x150.jpg]
[bitgamble.org/mining/cointiply-bitcoin-faucet-review/index.html]
[bitgamble.org/unibet/index.html]
[bitgamble.org/wp-content/uploads/2020/07/tegeger1-150x150.jpg]
[bitgamble.org/how-to-uniswap/index.html]
[bitgamble.org/wp-content/uploads/2020/07/7db07b6196c21bb0d3665abd9925ba781-150x150.jpg]
[bitgamble.org/indexa5e2.html]
[bitgamble.org/wp-json/oembed/1.0/embedb60d.json]
[bitgamble.org/lync-network-overview/index.html]
[bitgamble.org/yfmoonshot-is-it-another-yf-clone/index.html]
[bitgamble.org/wp-json/oembed/1.0/embedc929]
[bitgamble.org/about-us/index.html]
[bitgamble.org/zeedex-crypto-exchange/index.html]
[bitgamble.org/vybe-finance/index.html]
[bitgamble.org/where-to-play-bitcoin-blackjack/index.html]
[bitgamble.org/wp-json/oembed/1.0/embedc0c1.json]
[bitgamble.org/ethereum-casino-list-2020/index.html]
[bitgamble.org/the-great-bitcoin-twitter-hack/index.html]
[bitgamble.org/wp-json/oembed/1.0/embed3f1b]
[bitgamble.org/types-of-bitcoin-casinos/index.html]
[bitgamble.org/wp-content/uploads/2019/11/Bitcoin-PNG-Pic-e1575228145213.png]
[bitgamble.org/wp-content/uploads/2019/11/clipart2197269-e1575228376475.png]
[bitgamble.org/page/2/indexa5e2.html]
[bitgamble.org/wp-content/uploads/2019/12/ltc.png]
[bitgamble.org/category/bitcoin-101/index.html]
[bitgamble.org/wp-content/uploads/2019/12/bch-2.png]
[bitgamble.org/category/scams/index.html]
[bitgamble.org/wp-content/uploads/2019/12/ezgif.com-gif-maker.png]
[bitgamble.org/wp-content/uploads/2019/11/tron-trx-e1575229954926.png]
[bitgamble.org/wp-content/uploads/2019/12/dog.png]
[bitgamble.org/wp-content/themes/hyipdog/assets/images/plus_sign.png]
[bitgamble.org/category/uniswap/index.html]
[bitgamble.org/wp-content/themes/hyipdog/assets/images/minus_sign.png]
[bitgamble.org/bitcoin-casino/bitcoin-casino-reviews-stake-review/.collapseMonitor]
[bitgamble.org/bitcoin-casino/bitcoin-casino-reviews-stake-review/cutt.ly/whiterockcasino]
[bitgamble.org/bitcoin-casino/bitcoin-casino-reviews-stake-review/feed/index.html]
[bitgamble.org/wp-content/uploads/2021/02/banner-1.jpg]
[bitgamble.org/wp-content/plugins/disqus-comment-system/public/js/comment_embedd4e0.js]
[bitgamble.org/bitcoin-casino/bitcoin-casino-reviews-stake-review/index.html]
[bitgamble.org/wp-json/oembed/1.0/embed2428.json]
[bitgamble.org/bitcoin-casino/bitcoin-casino-101-sportsbetio-review/feed/index.html]
[bitgamble.org/wp-json/oembed/1.0/embed7994]
[bitgamble.org/bitcoin-casino/bitcoin-casino-101-sportsbetio-review/.collapseMonitor]
[bitgamble.org/bitcoin-casino/bitcoin-casino-101-sportsbetio-review/cutt.ly/whiterockcasino]
[bitgamble.org/bitcoin-casino/bitcoin-casino-101-sportsbetio-review/index.html]
[bitgamble.org/wp-json/oembed/1.0/embed4179.json]
[bitgamble.org/bitcoin-casino/bitcoin-casino-101-cloudbet-review/feed/index.html]
[bitgamble.org/wp-json/oembed/1.0/embed1917]
[bitgamble.org/bitcoin-casino/bitcoin-casino-101-cloudbet-review/.collapseMonitor]
[bitgamble.org/bitcoin-casino/bitcoin-casino-101-cloudbet-review/cutt.ly/whiterockcasino]
[bitgamble.org/bitcoin-casino/bitcoin-casino-101-cloudbet-review/index.html]
[bitgamble.org/wp-json/oembed/1.0/embed7c4d.json]
[bitgamble.org/bitcoin-casino/winz-io-casino-review/feed/index.html]
[bitgamble.org/wp-json/oembed/1.0/embed3325]
[bitgamble.org/wp-content/uploads/2020/05/tether-e1590432756501.png]
[bitgamble.org/bitcoin-casino/winz-io-casino-review/.collapseMonitor]
[bitgamble.org/bitcoin-casino/winz-io-casino-review/cutt.ly/whiterockcasino]
[bitgamble.org/bitcoin-casino/winz-io-casino-review/index.html]
[bitgamble.org/wp-json/oembed/1.0/embede30f.json]
[bitgamble.org/bitcoin-casino/goodmancasino-review/feed/index.html]
[bitgamble.org/wp-json/oembed/1.0/embed0f0f]
[bitgamble.org/bitcoin-casino/goodmancasino-review/.collapseMonitor]
[bitgamble.org/bitcoin-casino/goodmancasino-review/cutt.ly/whiterockcasino]
[bitgamble.org/bitcoin-casino/goodmancasino-review/index.html]
[bitgamble.org/wp-json/oembed/1.0/embed0e00.json]
[bitgamble.org/wp-json/oembed/1.0/embed51ae]
[bitgamble.org/bitcoin-casino/cryptothrills-casino-review/feed/index.html]
[bitgamble.org/bitcoin-casino/cryptothrills-casino-review/.collapseMonitor]
[bitgamble.org/bitcoin-casino/cryptothrills-casino-review/cutt.ly/whiterockcasino]
[bitgamble.org/bitcoin-casino/cryptothrills-casino-review/index.html]
[bitgamble.org/wp-json/oembed/1.0/embed04c1.json]
[bitgamble.org/bitcoin-casino/betroom24-review/feed/index.html]
[bitgamble.org/wp-json/oembed/1.0/embed47f8]
[bitgamble.org/bitcoin-casino/betroom24-review/.collapseMonitor]
[bitgamble.org/bitcoin-casino/betroom24-review/cutt.ly/whiterockcasino]
[bitgamble.org/bitcoin-casino/betroom24-review/index.html]
[bitgamble.org/wp-json/oembed/1.0/embed5dd2.json]
[bitgamble.org/bitcoin-casino/vegaz-casino-review/feed/index.html]
[bitgamble.org/wp-json/oembed/1.0/embed0822]
[bitgamble.org/wp-content/themes/hyipdog/assets/images/warning.png]
[bitgamble.org/bitcoin-casino/vegaz-casino-review/.collapseMonitor]
[bitgamble.org/bitcoin-casino/vegaz-casino-review/cutt.ly/whiterockcasino]
[bitgamble.org/bitcoin-casino/vegaz-casino-review/index.html]
[bitgamble.org/wp-json/oembed/1.0/embedcb80.json]
[bitgamble.org/bitcoin-casino/melbet-casino-review/feed/index.html]
[bitgamble.org/wp-json/oembed/1.0/embed26aa]
[bitgamble.org/wp-content/uploads/2019/12/iconfinder_dash_dashcoin_2844383-e1576762349335.png]
[bitgamble.org/wp-content/uploads/2019/12/XMR-e1576762505524.png]
[bitgamble.org/wp-content/uploads/2020/07/1975-e1594663624230.png]
[bitgamble.org/wp-content/uploads/2020/07/693-e1594666696878.png]
[bitgamble.org/wp-content/uploads/2020/07/nem-e1594663743504.png]
[bitgamble.org/wp-content/uploads/2020/07/BAT.png]
[bitgamble.org/wp-content/uploads/2020/07/109-e1594666685973.png]
[bitgamble.org/wp-content/uploads/2020/07/1684-e1594666742546.png]
[bitgamble.org/wp-content/uploads/2020/07/1343-e1594666850258.png]
[bitgamble.org/wp-content/uploads/2020/07/BTS-e1594666946332.png]
[bitgamble.org/wp-content/uploads/2020/07/2083-e1594666901684.png]
[bitgamble.org/bitcoin-casino/melbet-casino-review/.collapseMonitor]
[bitgamble.org/bitcoin-casino/melbet-casino-review/cutt.ly/whiterockcasino]
[bitgamble.org/bitcoin-casino/melbet-casino-review/index.html]
[bitgamble.org/wp-json/oembed/1.0/embed94d7.json]
[bitgamble.org/bitcoin-casino/peergame-review/feed/index.html]
[bitgamble.org/wp-json/oembed/1.0/embedd0c9]
[bitgamble.org/wp-content/uploads/2020/06/bsv1024-e1592834154369.png]
[bitgamble.org/bitcoin-casino/peergame-review/.collapseMonitor]
[bitgamble.org/bitcoin-casino/peergame-review/cutt.ly/whiterockcasino]
[bitgamble.org/bitcoin-casino/peergame-review/index.html]
[bitgamble.org/wp-json/oembed/1.0/embed462e.json]
[bitgamble.org/wp-json/oembed/1.0/embedddab]
[bitgamble.org/bitcoin-casino/bc-game-review/feed/index.html]
[bitgamble.org/wp-content/uploads/2020/05/XLM.black_-e1589649180595.png]
[bitgamble.org/wp-content/uploads/2020/05/iconfinder_eos_eoscoin_coin_2844384-e1589649292519.png]
[bitgamble.org/wp-content/uploads/2020/05/turtle-e1589649360283.png]
[bitgamble.org/wp-content/uploads/2020/05/vndc-gold-coin-e1589650472804.png]
[bitgamble.org/wp-content/uploads/2020/05/AXE-e1589650569327.png]
[bitgamble.org/bitcoin-casino/bc-game-review/.collapseMonitor]
[bitgamble.org/bitcoin-casino/bc-game-review/cutt.ly/whiterockcasino]
[bitgamble.org/bitcoin-casino/bc-game-review/index.html]
[bitgamble.org/wp-json/oembed/1.0/embedf7c3.json]
[bitgamble.org/bitcoin-casino/earnbet-casino/feed/index.html]
[bitgamble.org/wp-json/oembed/1.0/embedac16]
[bitgamble.org/wp-content/uploads/2020/04/eosbet__token_3drr-e1586788649240.png]
[bitgamble.org/wp-content/uploads/2020/04/2300-e1586788672606.png]
[bitgamble.org/wp-content/uploads/2020/04/1839-e1586788750396.png]
[bitgamble.org/bitcoin-casino/earnbet-casino/.collapseMonitor]
[bitgamble.org/bitcoin-casino/earnbet-casino/cutt.ly/whiterockcasino]
[bitgamble.org/bitcoin-casino/earnbet-casino/index.html]
[bitgamble.org/index389f.html]
[bitgamble.org/wp-json/oembed/1.0/embed40c3.json]
[bitgamble.org/bitcoin-casino/1xbit-2/feed/index.html]
[bitgamble.org/wp-json/oembed/1.0/embed3871]
[bitgamble.org/bitcoin-casino/1xbit-2/.collapseMonitor]
[bitgamble.org/bitcoin-casino/1xbit-2/cutt.ly/whiterockcasino]
[bitgamble.org/bitcoin-casino/1xbit-2/index.html]
[bitgamble.org/index80c5.html]
[bitgamble.org/index5726.html]
[bitgamble.org/wp-json/oembed/1.0/embed1e7f.json]
[bitgamble.org/bitcoin-casino/mbit-casino-reviews/feed/index.html]
[bitgamble.org/wp-json/oembed/1.0/embed1f77]
[bitgamble.org/bitcoin-casino/mbit-casino-reviews/.collapseMonitor]
[bitgamble.org/bitcoin-casino/mbit-casino-reviews/cutt.ly/whiterockcasino]
[bitgamble.org/bitcoin-casino/mbit-casino-reviews/index.html]
[bitgamble.org/bitcoin-casino/primedice-review-bitcoin-casino/feed/index.html]
[bitgamble.org/wp-json/oembed/1.0/embed1af4.json]
[bitgamble.org/wp-json/oembed/1.0/embedc235]
[bitgamble.org/bitcoin-casino/primedice-review-bitcoin-casino/.collapseMonitor]
[bitgamble.org/bitcoin-casino/primedice-review-bitcoin-casino/cutt.ly/whiterockcasino]
[bitgamble.org/bitcoin-casino/primedice-review-bitcoin-casino/index.html]
[bitgamble.org/wp-json/oembed/1.0/embedb412.json]
[bitgamble.org/bitcoin-casino/luckygames-review/feed/index.html]
[bitgamble.org/wp-json/oembed/1.0/embeda3e7]
[bitgamble.org/wp-content/uploads/2019/11/cardano-ada-coin-png-cardano-cryptocurrency-clipar-18e4df47ca4a4a14-e1575229591340.png]
[bitgamble.org/bitcoin-casino/luckygames-review/.collapseMonitor]
[bitgamble.org/bitcoin-casino/luckygames-review/cutt.ly/whiterockcasino]
[bitgamble.org/bitcoin-casino/luckygames-review/index.html]
[bitgamble.org/wp-json/oembed/1.0/embed4216.json]
[bitgamble.org/bitcoin-casino/trueflip-review-bitcoin-casino/feed/index.html]
[bitgamble.org/wp-json/oembed/1.0/embedfdbf]
[bitgamble.org/wp-content/uploads/2019/12/pngfuel.com_.png]
[bitgamble.org/bitcoin-casino/trueflip-review-bitcoin-casino/.collapseMonitor]
[bitgamble.org/bitcoin-casino/trueflip-review-bitcoin-casino/cutt.ly/whiterockcasino]
[bitgamble.org/bitcoin-casino/trueflip-review-bitcoin-casino/index.html]
[bitgamble.org/wp-json/oembed/1.0/embed3c90.json]
[bitgamble.org/bitcoin-casino/bspin-review-bitcoin-casino/feed/index.html]
[bitgamble.org/wp-json/oembed/1.0/embedb56d]
[bitgamble.org/bitcoin-casino/bspin-review-bitcoin-casino/.collapseMonitor]
[bitgamble.org/bitcoin-casino/bspin-review-bitcoin-casino/cutt.ly/whiterockcasino]
[bitgamble.org/bitcoin-casino/bspin-review-bitcoin-casino/index.html]
[bitgamble.org/wp-json/oembed/1.0/embed2ece.json]
[bitgamble.org/wp-json/oembed/1.0/embed137e]
[bitgamble.org/bitcoin-casino/playamo-review-bitcoin-casino/feed/index.html]
[bitgamble.org/bitcoin-casino/playamo-review-bitcoin-casino/.collapseMonitor]
[bitgamble.org/bitcoin-casino/playamo-review-bitcoin-casino/cutt.ly/whiterockcasino]
[bitgamble.org/bitcoin-casino/playamo-review-bitcoin-casino/index.html]
[bitgamble.org/wp-json/oembed/1.0/embed1ce7.json]
[bitgamble.org/bitcoin-casino/bit-starz-review-bitcoin-casino-101/feed/index.html]
[bitgamble.org/wp-json/oembed/1.0/embeddd65]
[bitgamble.org/bitcoin-casino/bit-starz-review-bitcoin-casino-101/.collapseMonitor]
[bitgamble.org/bitcoin-casino/bit-starz-review-bitcoin-casino-101/cutt.ly/whiterockcasino]
[bitgamble.org/bitcoin-casino/bit-starz-review-bitcoin-casino-101/index.html]
[bitgamble.org/wp-json/oembed/1.0/embed3ef3.json]
[bitgamble.org/bitcoin-casino/crypto-games-review-bitcoin-casino/feed/index.html]
[bitgamble.org/wp-json/oembed/1.0/embed5d73]
[bitgamble.org/wp-content/uploads/2019/12/doge.png]
[bitgamble.org/wp-content/uploads/2019/12/ETC-e1627028652265.png]
[bitgamble.org/bitcoin-casino/crypto-games-review-bitcoin-casino/.collapseMonitor]
[bitgamble.org/bitcoin-casino/crypto-games-review-bitcoin-casino/cutt.ly/whiterockcasino]
[bitgamble.org/bitcoin-casino/crypto-games-review-bitcoin-casino/index.html]
[bitgamble.org/wp-json/oembed/1.0/embede70f.json]
[bitgamble.org/bitcoin-casino/mega-dice-review-bitcoin-casino/feed/index.html]
[bitgamble.org/wp-json/oembed/1.0/embed5e2a]
[bitgamble.org/bitcoin-casino/mega-dice-review-bitcoin-casino/.collapseMonitor]
[bitgamble.org/bitcoin-casino/mega-dice-review-bitcoin-casino/cutt.ly/whiterockcasino]
[bitgamble.org/bitcoin-casino/mega-dice-review-bitcoin-casino/index.html]
[bitgamble.org/bitcoin-casino/casino-chan-review-bitcoin-casino/feed/index.html]
[bitgamble.org/wp-json/oembed/1.0/embed0475.json]
[bitgamble.org/wp-json/oembed/1.0/embed4102]
[bitgamble.org/bitcoin-casino/casino-chan-review-bitcoin-casino/.collapseMonitor]
[bitgamble.org/bitcoin-casino/casino-chan-review-bitcoin-casino/cutt.ly/whiterockcasino]
[bitgamble.org/bitcoin-casino/casino-chan-review-bitcoin-casino/index.html]
[bitgamble.org/wp-json/oembed/1.0/embedcf7b.json]
[bitgamble.org/bitcoin-casino/syndicate-casino-review-bitcoin-casino-101/feed/index.html]
[bitgamble.org/wp-json/oembed/1.0/embed9007]
[bitgamble.org/bitcoin-casino/syndicate-casino-review-bitcoin-casino-101/.collapseMonitor]
[bitgamble.org/bitcoin-casino/syndicate-casino-review-bitcoin-casino-101/cutt.ly/whiterockcasino]
[bitgamble.org/bitcoin-casino/syndicate-casino-review-bitcoin-casino-101/index.html]
[bitgamble.org/cdn-cgi/l/email-protection.html]
[bitgamble.org/wp-admin/admin-ajaxa476.html]
[bitgamble.org/bitcoin-casino/page/2/index.html]
[bitgamble.org/index0c42.html]
[bitgamble.org/wp-content/uploads/2020/05/poker-lobby.jpg]
[bitgamble.org/bitcoin-casino/page/3/index.html]
[bitgamble.org/wp-json/oembed/1.0/embed4293.json]
[bitgamble.org/bitcoin-poker/coinpoker-review/feed/index.html]
[bitgamble.org/wp-json/oembed/1.0/embed7b91]
[bitgamble.org/wp-content/uploads/2020/05/chp-e1590432891806.png]
[bitgamble.org/bitcoin-poker/coinpoker-review/.collapseMonitor]
[bitgamble.org/wp-content/uploads/2020/05/pk-table.jpg]
[bitgamble.org/wp-content/uploads/2020/05/pk-table-1024x706.jpg]
[bitgamble.org/bitcoin-poker/coinpoker-review/index.html]
[bitgamble.org/wp-content/uploads/2020/06/SWCPOKER.jpg]
[bitgamble.org/wp-json/oembed/1.0/embedcbfe.json]
[bitgamble.org/bitcoin-poker/swc-poker-review/feed/index.html]
[bitgamble.org/wp-json/oembed/1.0/embed6a8b]
[bitgamble.org/bitcoin-poker/swc-poker-review/.collapseMonitor]
[bitgamble.org/bitcoin-poker/swc-poker-review/index.html]
[bitgamble.org/wp-content/uploads/2020/05/sssssssadf.jpg]
[bitgamble.org/wp-json/oembed/1.0/embed72bb.json]
[bitgamble.org/bitcoin-poker/realpoker-net-review/feed/index.html]
[bitgamble.org/wp-json/oembed/1.0/embed8b64]
[bitgamble.org/bitcoin-poker/realpoker-net-review/.collapseMonitor]
[bitgamble.org/wp-content/uploads/2020/05/sssssssadf-1024x427.jpg]
[bitgamble.org/wp-content/uploads/2020/05/table.jpg]
[bitgamble.org/wp-content/uploads/2020/05/table-1024x447.jpg]
[bitgamble.org/bitcoin-poker/realpoker-net-review/index.html]
[bitgamble.org/wp-content/uploads/2020/08/FREE-BONUS.jpg]
[bitgamble.org/wp-json/oembed/1.0/embed1f4b.json]
[bitgamble.org/wp-json/oembed/1.0/embed3ad2]
[bitgamble.org/bitcoin-poker/blockchain-poker/feed/index.html]
[bitgamble.org/bitcoin-poker/blockchain-poker/.collapseMonitor]
[bitgamble.org/wp-content/uploads/2020/08/TOURN-1024x836.jpg]
[bitgamble.org/wp-content/uploads/2020/08/POKER5-1024x699.jpg]
[bitgamble.org/bitcoin-poker/blockchain-poker/index.html]
[cdnjs.cloudflare.com/cf.core.css]
[cdnjs.cloudflare.com/index.html]
[bitgamble.org/index89f6.html]
[bitgamble.org/wp-content/uploads/2020/07/AUTOFAUCET.jpg]
[bitgamble.org/wp-json/oembed/1.0/embed6333.json]
[bitgamble.org/mining/firefaucet-win/feed/index.html]
[bitgamble.org/wp-json/oembed/1.0/embed84f6]
[bitgamble.org/wp-content/uploads/2020/07/RATE.jpg]
[bitgamble.org/mining/firefaucet-win/index.html]
[bitgamble.org/wp-content/uploads/2020/07/1-2-3.jpg]
[bitgamble.org/wp-json/oembed/1.0/embedd158.json]
[bitgamble.org/mining/bitcoinker-review/feed/index.html]
[bitgamble.org/wp-json/oembed/1.0/embedeb79]
[bitgamble.org/mining/bitcoinker-review/index.html]
[bitgamble.org/wp-content/uploads/2020/07/BITCOIN.jpg]
[bitgamble.org/bitcoin-gambling-101-bitcoin-casino/index.html]
[bitgamble.org/wp-json/oembed/1.0/embed8000.json]
[bitgamble.org/wp-json/oembed/1.0/embed42bc]
[bitgamble.org/mining/crypto-mining-game/feed/index.html]
[bitgamble.org/wp-content/uploads/2020/07/BITCOIN-1024x763.jpg]
[bitgamble.org/wp-content/uploads/2020/07/MAP-1024x578.jpg]
[bitgamble.org/mining/crypto-mining-game/index.html]
[bitgamble.org/wp-content/uploads/2020/07/FREE.jpg]
[bitgamble.org/wp-json/oembed/1.0/embed1868.json]
[bitgamble.org/mining/freebitco-in-review/feed/index.html]
[bitgamble.org/wp-json/oembed/1.0/embed8ae5]
[bitgamble.org/wp-content/uploads/2020/07/REWARD-POINTS.jpg]
[bitgamble.org/mining/freebitco-in-review/index.html]
[bitgamble.org/what-are-provably-fair-games/index.html]
[bitgamble.org/wp-content/uploads/2020/07/FAUCET.jpg]
[bitgamble.org/wp-json/oembed/1.0/embedd2c2.json]
[bitgamble.org/mining/coinfaucet-io/feed/index.html]
[bitgamble.org/wp-json/oembed/1.0/embed178a]
[bitgamble.org/mining/coinfaucet-io/index.html]
[bitgamble.org/wp-json/oembed/1.0/embed76de.json]
[bitgamble.org/mining/allcoins-pw/feed/index.html]
[bitgamble.org/wp-json/oembed/1.0/embedb8d2]
[bitgamble.org/mining/allcoins-pw/index.html]
[bitgamble.org/wp-content/uploads/2020/06/steam.jpg]
[bitgamble.org/wp-json/oembed/1.0/embed6b99.json]
[bitgamble.org/wp-json/oembed/1.0/embed5310]
[bitgamble.org/mining/earncrypto-com-review/index.html]
[bitgamble.org/mining/earncrypto-com-review/feed/index.html]
[bitgamble.org/wp-json/oembed/1.0/embedb0f8.json]
[bitgamble.org/mining/cointiply-bitcoin-faucet-review/feed/index.html]
[bitgamble.org/wp-json/oembed/1.0/embed4563]
[bitgamble.org/mining/cointiply-bitcoin-faucet-review/index.html]
[bitgamble.org/wp-content/uploads/2020/10/photo_2020-09-08_12-44-36.jpg]
[bitgamble.org/wp-json/oembed/1.0/embedf6a9.json]
[bitgamble.org/wp-json/oembed/1.0/embed2681]
[bitgamble.org/unibet/feed/index.html]
[bitgamble.org/wp-content/uploads/2020/10/p1.jpg]
[bitgamble.org/wp-content/uploads/2020/10/photo_2020-09-30_13-58-52-2.jpg]
[bitgamble.org/wp-content/uploads/2020/10/photo_2020-09-30_21-35-14.jpg]
[bitgamble.org/unibet/index.html]
[bitgamble.org/wp-content/uploads/2020/09/uniswap-logo-950x1024.png]
[bitgamble.org/wp-json/oembed/1.0/embedfa88.json]
[bitgamble.org/wp-json/oembed/1.0/embed0b2b]
[bitgamble.org/wp-content/uploads/2020/09/interfaceewew.jpg]
[bitgamble.org/how-to-uniswap/index.html]
[bitgamble.org/how-to-uniswap/feed/index.html]
[bitgamble.org/wp-content/uploads/2020/09/photo_2020-10-23_00-51-10.jpg]
[bitgamble.org/wp-json/oembed/1.0/embedcf96.json]
[bitgamble.org/lync-network-overview/feed/index.html]
[bitgamble.org/wp-json/oembed/1.0/embed2872]
[bitgamble.org/wp-content/uploads/2020/09/DFQWDQWDQ.jpg]
[bitgamble.org/lync-network-overview/index.html]
[bitgamble.org/wp-content/uploads/2020/09/o7Fpz4E_400x400.jpg]
[bitgamble.org/wp-json/oembed/1.0/embedc82b.json]
[bitgamble.org/yfmoonshot-is-it-another-yf-clone/feed/index.html]
[bitgamble.org/wp-json/oembed/1.0/embed0ba9]
[bitgamble.org/wp-content/uploads/2020/09/YFMOONSHOT-1.jpg]
[bitgamble.org/yfmoonshot-is-it-another-yf-clone/index.html]
[bitgamble.org/wp-content/uploads/2020/09/70924405.png]
[bitgamble.org/wp-json/oembed/1.0/embed1941.json]
[bitgamble.org/vybe-finance/feed/index.html]
[bitgamble.org/wp-json/oembed/1.0/embed22ea]
[bitgamble.org/wp-content/uploads/2020/09/VYBE.jpg]
[bitgamble.org/vybe-finance/index.html]
[bitgamble.org/wp-content/uploads/2020/09/0z2bQDnW.jpg]
[bitgamble.org/wp-json/oembed/1.0/embed20fc.json]
[bitgamble.org/zeedex-crypto-exchange/feed/index.html]
[bitgamble.org/wp-json/oembed/1.0/embed3237]
[bitgamble.org/wp-content/uploads/2020/09/ZDEX.jpg]
[bitgamble.org/zeedex-crypto-exchange/index.html]
[bitgamble.org/wp-content/uploads/2020/08/Why-should-you-choose-to-play-Blackjack-online-1080x6751.jpg]
[bitgamble.org/wp-json/oembed/1.0/embeda310.json]
[bitgamble.org/where-to-play-bitcoin-blackjack/feed/index.html]
[bitgamble.org/wp-json/oembed/1.0/embedfd39]
[bitgamble.org/wp-content/uploads/2020/08/blackhjack.jpg]
[bitgamble.org/where-to-play-bitcoin-blackjack/index.html]
[bitgamble.org/wp-content/uploads/2020/08/OIP.0OBDQbsyEWgGpZ7qlZwvjAAAAA1.jpg]
[bitgamble.org/wp-json/oembed/1.0/embed238a.json]
[bitgamble.org/ethereum-casino-list-2020/feed/index.html]
[bitgamble.org/wp-json/oembed/1.0/embed2368]
[bitgamble.org/ethereum-casino-list-2020/index.html]
[bitgamble.org/wp-content/uploads/2020/07/tegeger1.jpg]
[bitgamble.org/wp-json/oembed/1.0/embedaf77.json]
[bitgamble.org/the-great-bitcoin-twitter-hack/feed/index.html]
[bitgamble.org/wp-json/oembed/1.0/embed3319]
[cdn.publish0x.com/prod/fs/cachedimages/2714555092-80fbc1d13048ea2a734d9d34cace0a2f2929b9d36072dbf68f307dff587f2ef4.webp]
[cdn.publish0x.com/prod/fs/cachedimages/1379875942-d5bf911e9fb3c9afb616173f2edfd1772a0954be0f0729c4cefe7c1e612d0b5e.webp]
[cdn.publish0x.com/prod/fs/cachedimages/4167967313-fa14c602d0449bf58a0e4470eb26db2bef61d0dc1f1fe36efec9d1053fe13b17.webp]
[cdn.publish0x.com/prod/fs/cachedimages/2388214340-12676b39831a5b3984fbb7e0483e0c14163df7e84c18c76da9073121fc7e5fce.webp]
[cdn.publish0x.com/prod/fs/cachedimages/4021800338-de3ea486eb472026199bbc93b21f31dfb33d86d3282dba9a2edec8e73c788a8a.webp]
[cdn.publish0x.com/prod/fs/cachedimages/2950968422-e493cf70e68a69c09b8e6090eb61b9a943fef994ba70e4eff491cfaf136607cc.webp]
[bitgamble.org/the-great-bitcoin-twitter-hack/index.html]
[bitgamble.org/wp-content/uploads/2020/07/7db07b6196c21bb0d3665abd9925ba781.jpg]
[bitgamble.org/wp-json/oembed/1.0/embedacac.json]
[bitgamble.org/wp-json/oembed/1.0/embed1875]
[bitgamble.org/types-of-bitcoin-casinos/index.html]
[bitgamble.org/wp-content/uploads/2020/05/bitcoin-poker-150x150.jpg]
[bitgamble.org/types-of-bitcoin-casinos/feed/index.html]
[bitgamble.org/best-bitcoin-poker-sites/index.html]
[bitgamble.org/wp-content/uploads/2020/04/ICxszKaC_400x400-150x150.jpg]
[bitgamble.org/wp-content/uploads/2020/02/red-ethereum_yog-joshi_oct20-150x150.jpg]
[bitgamble.org/wp-content/uploads/2020/01/blockchain-colorful-block-vector-19253041-150x150.jpg]
[bitgamble.org/wp-content/uploads/2019/12/btc-to-usd.png]
[bitgamble.org/wp-content/uploads/2019/12/5df6a3031273d-150x150.png]
[bitgamble.org/page/2/indexa5e2.html]
[bitgamble.org/category/bitcoin-101/index.html]
[bitgamble.org/category/scams/index.html]
[bitgamble.org/blockchain-technology-101-bitcoin-casino-reviews/index.html]
[bitgamble.org/category/uniswap/index.html]
[bitgamble.org/ethereum-gambling/index.html]
[bitgamble.org/convert-btc-to-usdeur/index.html]
[bitgamble.org/index6aed.html]
[bitgamble.org/indexdc22.html]
[bitgamble.org/bitcoin-casino/bitcoin-casino-reviews-stake-review/.html]
[bitgamble.org/indexb503.html]
[bitgamble.org/bitcoin-casino/bitcoin-casino-reviews-stake-review/cutt.ly/whiterockcasino.html]
[bitgamble.org/indexcb89.html]
[bitgamble.org/bitcoin-casino/bitcoin-casino-101-sportsbetio-review/.html]
[bitgamble.org/bitcoin-casino/bitcoin-casino-101-sportsbetio-review/cutt.ly/whiterockcasino.html]
[bitgamble.org/index8af0.html]
[bitgamble.org/bitcoin-casino/bitcoin-casino-101-cloudbet-review/.html]
[bitgamble.org/bitcoin-casino/bitcoin-casino-101-cloudbet-review/cutt.ly/whiterockcasino.html]
[bitgamble.org/indexb015.html]
[bitgamble.org/bitcoin-casino/winz-io-casino-review/.html]
[bitgamble.org/bitcoin-casino/winz-io-casino-review/cutt.ly/whiterockcasino.html]
[bitgamble.org/indexcf8a.html]
[bitgamble.org/bitcoin-casino/goodmancasino-review/.html]
[bitgamble.org/bitcoin-casino/goodmancasino-review/cutt.ly/whiterockcasino.html]
[bitgamble.org/index3afd.html]
[bitgamble.org/bitcoin-casino/cryptothrills-casino-review/.html]
[bitgamble.org/bitcoin-casino/cryptothrills-casino-review/cutt.ly/whiterockcasino.html]
[bitgamble.org/indexd7e6.html]
[bitgamble.org/bitcoin-casino/betroom24-review/.html]
[bitgamble.org/bitcoin-casino/betroom24-review/cutt.ly/whiterockcasino.html]
[bitgamble.org/indexce2e.html]
[bitgamble.org/bitcoin-casino/vegaz-casino-review/.html]
[bitgamble.org/bitcoin-casino/vegaz-casino-review/cutt.ly/whiterockcasino.html]
[bitgamble.org/index28bc.html]
[bitgamble.org/bitcoin-casino/melbet-casino-review/.html]
[bitgamble.org/bitcoin-casino/melbet-casino-review/cutt.ly/whiterockcasino.html]
[bitgamble.org/indexe3b6.html]
[bitgamble.org/bitcoin-casino/peergame-review/.html]
[bitgamble.org/bitcoin-casino/peergame-review/cutt.ly/whiterockcasino.html]
[bitgamble.org/index2202.html]
[bitgamble.org/bitcoin-casino/bc-game-review/.html]
[bitgamble.org/program/earnbet-casino/index.html]
[bitgamble.org/bitcoin-casino/bc-game-review/cutt.ly/whiterockcasino.html]
[bitgamble.org/indexfef8.html]
[bitgamble.org/bitcoin-casino/earnbet-casino/.html]
[bitgamble.org/category/bitcoin-101/feed/index.html]
[bitgamble.org/category/uniswap/feed/index.html]
[bitgamble.org/category/scams/feed/index.html]
[bitgamble.org/.collapseMonitor]
[bitgamble.org/cutt.ly/whiterockcasino]
[bitgamble.org/index389f.html]
[bitgamble.org/bitcoin-casino/earnbet-casino/cutt.ly/whiterockcasino.html]
[bitgamble.org/index12d0.html]
[bitgamble.org/bitcoin-casino/1xbit-2/.html]
[bitgamble.org/index80c5.html]
[bitgamble.org/index5726.html]
[bitgamble.org/bitcoin-casino/1xbit-2/cutt.ly/whiterockcasino.html]
[bitgamble.org/index7b2c.html]
[bitgamble.org/bitcoin-casino/mbit-casino-reviews/.html]
[bitgamble.org/bitcoin-casino/mbit-casino-reviews/cutt.ly/whiterockcasino.html]
[bitgamble.org/index486a.html]
[bitgamble.org/bitcoin-casino/primedice-review-bitcoin-casino/.html]
[bitgamble.org/bitcoin-casino/primedice-review-bitcoin-casino/cutt.ly/whiterockcasino.html]
[bitgamble.org/index8902.html]
[bitgamble.org/bitcoin-casino/luckygames-review/.html]
[bitgamble.org/bitcoin-casino/luckygames-review/cutt.ly/whiterockcasino.html]
[bitgamble.org/indexc544.html]
[bitgamble.org/bitcoin-casino/trueflip-review-bitcoin-casino/.html]
[bitgamble.org/bitcoin-casino/trueflip-review-bitcoin-casino/cutt.ly/whiterockcasino.html]
[bitgamble.org/index6233.html]
[bitgamble.org/bitcoin-casino/bspin-review-bitcoin-casino/.html]
[bitgamble.org/bitcoin-casino/bspin-review-bitcoin-casino/cutt.ly/whiterockcasino.html]
[bitgamble.org/indexe539.html]
[bitgamble.org/bitcoin-casino/playamo-review-bitcoin-casino/.html]
[bitgamble.org/bitcoin-casino/playamo-review-bitcoin-casino/cutt.ly/whiterockcasino.html]
[bitgamble.org/indexd7d8.html]
[bitgamble.org/bitcoin-casino/bit-starz-review-bitcoin-casino-101/.html]
[bitgamble.org/bitcoin-casino/bit-starz-review-bitcoin-casino-101/cutt.ly/whiterockcasino.html]
[bitgamble.org/index4580.html]
[bitgamble.org/bitcoin-casino/crypto-games-review-bitcoin-casino/.html]
[bitgamble.org/bitcoin-casino/crypto-games-review-bitcoin-casino/cutt.ly/whiterockcasino.html]
[bitgamble.org/indexc094.html]
[bitgamble.org/bitcoin-casino/mega-dice-review-bitcoin-casino/.html]
[bitgamble.org/bitcoin-casino/mega-dice-review-bitcoin-casino/cutt.ly/whiterockcasino.html]
[bitgamble.org/indexc140.html]
[bitgamble.org/bitcoin-casino/casino-chan-review-bitcoin-casino/.html]
[bitgamble.org/bitcoin-casino/casino-chan-review-bitcoin-casino/cutt.ly/whiterockcasino.html]
[bitgamble.org/indexbe3b.html]
[bitgamble.org/bitcoin-casino/syndicate-casino-review-bitcoin-casino-101/.html]
[bitgamble.org/bitcoin-casino/syndicate-casino-review-bitcoin-casino-101/cutt.ly/whiterockcasino.html]
[bitgamble.org/bitcoin-casino/page/3/index.html]
[bitgamble.org/index3f75.html]
[bitgamble.org/bitcoin-poker/coinpoker-review/.html]
[bitgamble.org/indexb0e9.html]
[bitgamble.org/bitcoin-poker/swc-poker-review/.html]
[bitgamble.org/indexd030.html]
[bitgamble.org/bitcoin-poker/realpoker-net-review/.html]
[bitgamble.org/index8b2f.html]
[bitgamble.org/bitcoin-poker/blockchain-poker/.html]
[bitgamble.org/indexbcc1.html]
[bitgamble.org/index3a3f.html]
[bitgamble.org/wp-content/uploads/2019/12/5df6a3031273d.png]
[bitgamble.org/wp-json/oembed/1.0/embedbae3.json]
[bitgamble.org/bitcoin-gambling-101-bitcoin-casino/feed/index.html]
[bitgamble.org/wp-json/oembed/1.0/embed2766]
[bitgamble.org/bitcoin-gambling-101-bitcoin-casino/index.html]
[bitgamble.org/index4126.html]
[bitgamble.org/indexd379.html]
[bitgamble.org/wp-content/uploads/2020/04/ICxszKaC_400x400.jpg]
[bitgamble.org/wp-json/oembed/1.0/embed319a.json]
[bitgamble.org/what-are-provably-fair-games/feed/index.html]
[bitgamble.org/what-are-provably-fair-games/index.html]
[bitgamble.org/index0745.html]
[bitgamble.org/index6a35.html]
[bitgamble.org/wp-json/oembed/1.0/embed5503]
[bitgamble.org/indexbbbc.html]
[bitgamble.org/program/index.html]
[bitgamble.org/index6905.html]
[bitgamble.org/indexd0d3.html]
[bitgamble.org/index2bd3.html]
[bitgamble.org/indexab1b.html]
[bitgamble.org/indexef2e.html]
[bitgamble.org/indexe83f.html]
[bitgamble.org/index6087.html]
[bitgamble.org/index7033.html]
[bitgamble.org/index04f2.html]
[bitgamble.org/index728e.html]
[bitgamble.org/index8e0b.html]
[bitgamble.org/wp-content/uploads/2020/05/bitcoin-poker.jpg]
[bitgamble.org/wp-json/oembed/1.0/embed1ec0.json]
[bitgamble.org/best-bitcoin-poker-sites/feed/index.html]
[bitgamble.org/wp-json/oembed/1.0/embed3fef]
[bitgamble.org/wp-content/uploads/2020/05/Bitcoin-Poker-Sites-1024x768.jpg]
[bitgamble.org/best-bitcoin-poker-sites/index.html]
[bitgamble.org/wp-content/uploads/2020/02/red-ethereum_yog-joshi_oct20.jpg]
[bitgamble.org/wp-json/oembed/1.0/embed5e26.json]
[bitgamble.org/ethereum-gambling/index.html]
[bitgamble.org/wp-json/oembed/1.0/embed8426]
[bitgamble.org/wp-content/uploads/2020/01/blockchain-colorful-block-vector-19253041.jpg]
[bitgamble.org/wp-json/oembed/1.0/embedfe2a.json]
[bitgamble.org/ethereum-gambling/feed/index.html]
[bitgamble.org/wp-json/oembed/1.0/embedd4c7]
[bitgamble.org/blockchain-technology-101-bitcoin-casino-reviews/index.html]
[bitgamble.org/wp-json/oembed/1.0/embed4ee5.json]
[bitgamble.org/blockchain-technology-101-bitcoin-casino-reviews/feed/index.html]
[bitgamble.org/convert-btc-to-usdeur/feed/index.html]
[bitgamble.org/wp-json/oembed/1.0/embedbb91]
[bitgamble.org/convert-btc-to-usdeur/index.html]
[bitgamble.org/.html]
[bitgamble.org/cutt.ly/whiterockcasino.html]
[bitgamble.org/index85b3.html]
[bitgamble.org/index8eaf.html]
[bitgamble.org/program/index.html]
[bitgamble.org/program/bitcoin-casino-reviews-stake-review/index.html]
[bitgamble.org/program/primedice-review-bitcoin-casino/index.html]
[bitgamble.org/program/mega-dice-review-bitcoin-casino/index.html]
[bitgamble.org/program/crypto-games-review-bitcoin-casino/index.html]
[bitgamble.org/index6205.html]
[bitgamble.org/program/realpoker-net-review/index.html]
[bitgamble.org/program/coinpoker-review/index.html]
[bitgamble.org/program/swc-poker-review/index.html]
[bitgamble.org/index57e7.html]
[bitgamble.org/index8ee7.html]
[bitgamble.org/indexba86.html]
[bitcoincasino101.com/indexd3a8.html]
[ajax.googleapis.com/ajax/libs/jquery/2.2.2/jquery.min5152.js]
[bitgamble.org/wp-content/plugins/wp-report-post/images/warning.png]
[bitgamble.org/wp-content/plugins/wp-report-post/css/style6712.css]
[bitgamble.org/wp-content/plugins/wp-report-post/lib/remodal/remodal6712.css]
[bitgamble.org/wp-content/plugins/countdown-timer-ultimate/assets/css/wpcdt-timecircles54f4.css]
[bitgamble.org/wp-content/plugins/featured-posts-pro/public/css/featured_posts_pro-public8a54.css]
[bitgamble.org/wp-content/themes/hyipdog/assets/js/main19f6.js]
[bitgamble.org/wp-content/plugins/wp-postratings/css/postratings-css2941.css]
[bitgamble.org/wp-json/index.html]
[bitgamble.org/xmlrpc0db0.php]
[bitgamble.org/wp-json/oembed/1.0/embedceee.json]
[bitgamble.org/wp-json/oembed/1.0/embed9b9a]
[bitgamble.org/wp-content/themes/hyipdog/assets/fonts/glyphicons-halflings-regular.eot]
[bitgamble.org/wp-content/uploads/2019/12/cropped-icon-32x32.png]
[bitgamble.org/wp-content/themes/hyipdog/assets/fonts/glyphicons-halflings-regulard41d.eot]
[bitgamble.org/wp-content/themes/hyipdog/assets/fonts/glyphicons-halflings-regular.woff2]
[bitgamble.org/wp-content/themes/hyipdog/assets/fonts/glyphicons-halflings-regular.woff]
[bitgamble.org/wp-content/themes/hyipdog/assets/fonts/glyphicons-halflings-regular.ttf]
[bitgamble.org/wp-content/uploads/2019/12/cropped-icon-192x192.png]
[bitgamble.org/wp-content/themes/hyipdog/assets/css/bootstrap19f6.css]
[bitgamble.org/wp-content/themes/hyipdog/assets/fonts/glyphicons-halflings-regular.svg]
[bitgamble.org/wp-content/themes/hyipdog/assets/css/slick19f6.css]
[bitgamble.org/wp-content/uploads/2019/12/cropped-icon-180x180.png]
[bitgamble.org/wp-content/themes/hyipdog/assets/favicon.png]
[bitgamble.org/wp-content/themes/hyipdog/assets/images/bg2.png]
[bitgamble.org/wp-content/themes/hyipdog/assets/images/body_bg.177.delayed]
[bitgamble.org/wp-content/uploads/2021/04/728x90.jpg]
[bitgamble.org/wp-content/uploads/2019/12/stakestake-logo.png]
[bitgamble.org/wp-content/plugins/wp-postratings/images/stars(png)/rating_on.png]
[bitgamble.org/wp-content/themes/hyipdog/assets/images/BG_AT.jpg]
[bitgamble.org/wp-content/plugins/wp-postratings/images/stars(png)/rating_off.png]
[bitgamble.org/wp-content/uploads/2019/12/sportsbetlogo1.png]
[bitgamble.org/wp-content/plugins/wp-postratings/images/loading.gif]
[bitgamble.org/wp-content/plugins/wp-postratings/images/stars(png)/rating_half.png]
[bitgamble.org/wp-content/uploads/2019/12/CloudBet-Logo-300x300.jpg]
[bitgamble.org/wp-content/themes/hyipdog/assets/images/news_ico.png]
[bitgamble.org/wp-content/uploads/2020/06/winz.io_.jpg]
[bitgamble.org/wp-content/themes/hyipdog/assets/images/uniswapr.png]
[bitgamble.org/wp-content/uploads/2021/03/cryptothrills.jpg]
[bitgamble.org/wp-content/uploads/2021/08/goodman-casino-review-bitgamble.png]
[bitgamble.org/wp-content/themes/hyipdog/assets/images/home_ico.png]
[bitgamble.org/wp-content/uploads/2020/11/BETROOM-LOGO.jpg]
[bitgamble.org/wp-content/uploads/2020/08/vegaz-casino-1.jpg]
[bitgamble.org/wp-content/themes/hyipdog/assets/images/about_ico.png]
[bitgamble.org/wp-content/uploads/2020/07/MELBET.jpg]
[bitgamble.org/wp-content/themes/hyipdog/assets/images/list_ico.png]
[bitgamble.org/wp-content/themes/hyipdog/assets/images/bitcoin.png]
[bitgamble.org/wp-content/uploads/2020/06/3Rsnz7rZ_400x400.png]
[bitgamble.org/wp-content/themes/hyipdog/assets/images/poker1.png]
[bitgamble.org/wp-content/uploads/2020/05/logo.png]
[bitgamble.org/wp-content/themes/hyipdog/assets/images/mining_ico.png]
[bitgamble.org/wp-content/uploads/2020/04/eosbet__token_3d.png]
[bitgamble.org/wp-content/uploads/2020/03/1xbit.jpg]
[bitgamble.org/wp-content/themes/hyipdog/assets/images/other_methods_img.png]
[bitgamble.org/wp-content/uploads/2019/12/mBitcasinologo.png]
[bitgamble.org/wp-content/themes/hyipdog/assets/images/skull_ico3860.png]
[bitgamble.org/wp-content/uploads/2019/12/primedice-logo.jpg]
[bitgamble.org/wp-content/themes/hyipdog/assets/images/secure_ico.png]
[bitgamble.org/wp-content/uploads/2019/12/bspin-io-casino-logo.png]
[bitgamble.org/wp-content/uploads/2019/12/afc79f26347dc0838916f5074e4a842e.jpg]
[bitgamble.org/wp-content/uploads/2019/12/TF-new-logo.png]
[bitgamble.org/wp-content/themes/hyipdog/assets/images/page_title_bg.png]
[bitgamble.org/wp-content/uploads/2019/12/playamo-casino-logo.png]
[bitgamble.org/wp-content/themes/hyipdog/assets/images/no_paying_bg.png]
[bitgamble.org/wp-content/uploads/2019/12/mega-dice-casino-logo.png]
[bitgamble.org/wp-content/uploads/2019/12/bitstarzz-logo.png]
[bitgamble.org/wp-content/themes/hyipdog/assets/images/pending_bgpurple.png]
[bitgamble.org/wp-content/uploads/2019/12/crypto-games-logo.png]
[bitgamble.org/wp-content/themes/hyipdog/assets/images/paying_bg.png]
[cdnjs.cloudflare.com/ajax/libs/bootstrap-table/1.11.1/bootstrap-table.min.js]
[bitgamble.org/wp-content/uploads/2019/12/CasinoChan-logo.jpg]
[bitgamble.org/wp-content/uploads/2019/12/syndicate-logo.png]
[bitgamble.org/wp-content/themes/hyipdog/assets/images/no_paying_bgcold.png]
[bitgamble.org/wp-content/themes/hyipdog/assets/images/.jpg]
[bitgamble.org/wp-content/themes/hyipdog/assets/images/ssl.png]
[bitgamble.org/wp-content/themes/hyipdog/assets/images/slider_arrow_prev.png]
[bitgamble.org/wp-content/themes/hyipdog/assets/images/slider_arrow_next.png]
[images.dmca.com/Badges/dmca-badge-w100-2x1-03c281.png]
[bitgamble.org/wp-content/themes/hyipdog/assets/images/sort-arrows.png]
[bitgamble.org/wp-content/themes/hyipdog/style19f6.css]
[use.fontawesome.com/releases/v5.14.0/css/all.css]
[use.fontawesome.com/releases/v5.14.0/css/v4-shims.css]
[bitgamble.org/wp-content/themes/hyipdog/assets/images/icon_tw.png]
[bitgamble.org/wp-content/themes/hyipdog/assets/images/icon_fb.png]
[bitgamble.org/wp-content/themes/hyipdog/assets/images/begambleawareorg_black_png.png]
[use.fontawesome.com/releases/v5.14.0/webfonts/fa-brands-400.svg]
[use.fontawesome.com/releases/v5.14.0/webfonts/fa-solid-900.svg]
[bitgamble.org/cdn-cgi/scripts/5c5dd728/cloudflare-static/email-decode.min.js]
[bitgamble.org/wp-content/plugins/wp-postratings/images/stars(png)/rating_over.png]
[use.fontawesome.com/releases/v5.14.0/webfonts/fa-regular-400.svg]
[bitgamble.org/wp-content/themes/hyipdog/assets/images/favicon.html]
[bitgamble.org/bitcoin-casino/feed/index.html]
[bitgamble.org/wp-json/oembed/1.0/embed1c8e.json]
[bitgamble.org/wp-content/uploads/2020/05/cppppp.jpg]
[bitgamble.org/wp-json/oembed/1.0/embed78c6]
[bitgamble.org/wp-content/uploads/2020/05/fewfewfwfwgw.jpg]
[bitgamble.org/wp-content/uploads/2020/06/swc-poker.jpg]
[bitgamble.org/wp-content/uploads/2020/08/favicon.png]
[bitgamble.org/wp-json/oembed/1.0/embede9f9.json]
[bitgamble.org/wp-content/uploads/2020/07/regegrege.jpg]
[bitgamble.org/wp-json/oembed/1.0/embedb137]
[bitgamble.org/wp-content/uploads/2020/07/bitcoinker.png]
[bitgamble.org/wp-content/uploads/2020/07/CMG.png]
[bitgamble.org/wp-content/uploads/2020/07/freebitcoin.png]
[bitgamble.org/wp-content/uploads/2020/07/coinfaucet.png]
[bitgamble.org/wp-content/uploads/2020/07/FLXCYz54_400x400.jpg]
[bitgamble.org/wp-content/uploads/2020/06/ec_logo_large.jpg]
[bitgamble.org/wp-content/uploads/2020/03/cointiplyy2.png]
[bitgamble.org/wp-content/uploads/2020/10/photo_2020-09-08_12-44-36-150x150.jpg]
[bitgamble.org/wp-content/uploads/2020/09/uniswap-logo-150x150.png]
[bitgamble.org/wp-content/uploads/2020/09/photo_2020-10-23_00-51-10-150x150.jpg]
[bitgamble.org/wp-content/uploads/2020/09/o7Fpz4E_400x400-150x150.jpg]
[bitgamble.org/wp-content/uploads/2020/09/70924405-150x150.png]
[bitgamble.org/wp-content/uploads/2020/09/0z2bQDnW-150x150.jpg]
[bitgamble.org/wp-content/uploads/2020/08/Why-should-you-choose-to-play-Blackjack-online-1080x6751-150x150.jpg]
[bitgamble.org/wp-content/uploads/2020/07/tegeger1-150x150.jpg]
[bitgamble.org/wp-content/uploads/2020/07/7db07b6196c21bb0d3665abd9925ba781-150x150.jpg]
[bitgamble.org/wp-json/oembed/1.0/embedb60d.json]
[bitgamble.org/wp-json/oembed/1.0/embedc929]
[bitgamble.org/bitcoin-casino/bitcoin-casino-reviews-stake-review/feed/index.html]
[bitgamble.org/wp-json/oembed/1.0/embed3f1b]
[bitgamble.org/wp-json/oembed/1.0/embedc0c1.json]
[bitgamble.org/wp-content/uploads/2019/11/Bitcoin-PNG-Pic-e1575228145213.png]
[bitgamble.org/wp-content/uploads/2019/11/clipart2197269-e1575228376475.png]
[bitgamble.org/wp-content/uploads/2019/12/ltc.png]
[bitgamble.org/wp-content/uploads/2019/12/bch-2.png]
[bitgamble.org/wp-content/uploads/2019/12/ezgif.com-gif-maker.png]
[bitgamble.org/wp-content/uploads/2019/11/tron-trx-e1575229954926.png]
[bitgamble.org/wp-content/uploads/2019/12/dog.png]
[bitgamble.org/wp-content/themes/hyipdog/assets/images/plus_sign.png]
[bitgamble.org/wp-content/themes/hyipdog/assets/images/minus_sign.png]
[bitgamble.org/wp-content/uploads/2021/02/banner-1.jpg]
[bitgamble.org/bitcoin-casino/bitcoin-casino-101-sportsbetio-review/feed/index.html]
[bitgamble.org/wp-json/oembed/1.0/embed7994]
[bitgamble.org/wp-json/oembed/1.0/embed2428.json]
[bitgamble.org/bitcoin-casino/bitcoin-casino-101-cloudbet-review/feed/index.html]
[bitgamble.org/wp-json/oembed/1.0/embed4179.json]
[bitgamble.org/bitcoin-casino/winz-io-casino-review/feed/index.html]
[bitgamble.org/wp-json/oembed/1.0/embed7c4d.json]
[bitgamble.org/wp-json/oembed/1.0/embed3325]
[bitgamble.org/wp-content/uploads/2020/05/tether-e1590432756501.png]
[bitgamble.org/bitcoin-casino/goodmancasino-review/feed/index.html]
[bitgamble.org/wp-json/oembed/1.0/embede30f.json]
[bitgamble.org/wp-json/oembed/1.0/embed0f0f]
[bitgamble.org/bitcoin-casino/cryptothrills-casino-review/feed/index.html]
[bitgamble.org/wp-json/oembed/1.0/embed51ae]
[bitgamble.org/wp-json/oembed/1.0/embed0e00.json]
[bitgamble.org/bitcoin-casino/betroom24-review/feed/index.html]
[bitgamble.org/wp-json/oembed/1.0/embed47f8]
[bitgamble.org/wp-json/oembed/1.0/embed04c1.json]
[bitgamble.org/bitcoin-casino/vegaz-casino-review/feed/index.html]
[bitgamble.org/wp-json/oembed/1.0/embed0822]
[bitgamble.org/wp-json/oembed/1.0/embed5dd2.json]
[bitgamble.org/wp-content/themes/hyipdog/assets/images/warning.png]
[bitgamble.org/bitcoin-casino/melbet-casino-review/feed/index.html]
[bitgamble.org/wp-json/oembed/1.0/embedcb80.json]
[bitgamble.org/wp-json/oembed/1.0/embed26aa]
[bitgamble.org/wp-content/uploads/2019/12/iconfinder_dash_dashcoin_2844383-e1576762349335.png]
[bitgamble.org/wp-content/uploads/2019/12/XMR-e1576762505524.png]
[bitgamble.org/wp-content/uploads/2020/07/1975-e1594663624230.png]
[bitgamble.org/wp-content/uploads/2020/07/693-e1594666696878.png]
[bitgamble.org/wp-content/uploads/2020/07/nem-e1594663743504.png]
[bitgamble.org/wp-content/uploads/2020/07/BAT.png]
[bitgamble.org/wp-content/uploads/2020/07/1684-e1594666742546.png]
[bitgamble.org/wp-content/uploads/2020/07/109-e1594666685973.png]
[bitgamble.org/wp-content/uploads/2020/07/1343-e1594666850258.png]
[bitgamble.org/wp-content/uploads/2020/07/BTS-e1594666946332.png]
[bitgamble.org/wp-content/uploads/2020/07/2083-e1594666901684.png]
[bitgamble.org/bitcoin-casino/peergame-review/feed/index.html]
[bitgamble.org/wp-json/oembed/1.0/embedd0c9]
[bitgamble.org/wp-content/uploads/2020/06/bsv1024-e1592834154369.png]
[bitgamble.org/wp-json/oembed/1.0/embed94d7.json]
[bitgamble.org/bitcoin-casino/bc-game-review/feed/index.html]
[bitgamble.org/wp-json/oembed/1.0/embedddab]
[bitgamble.org/wp-content/uploads/2020/05/XLM.black_-e1589649180595.png]
[bitgamble.org/wp-json/oembed/1.0/embed462e.json]
[bitgamble.org/wp-content/uploads/2020/05/iconfinder_eos_eoscoin_coin_2844384-e1589649292519.png]
[bitgamble.org/wp-content/uploads/2020/05/turtle-e1589649360283.png]
[bitgamble.org/wp-content/uploads/2020/05/vndc-gold-coin-e1589650472804.png]
[bitgamble.org/wp-content/uploads/2020/05/AXE-e1589650569327.png]
[bitgamble.org/bitcoin-casino/earnbet-casino/feed/index.html]
[bitgamble.org/wp-json/oembed/1.0/embedac16]
[bitgamble.org/wp-content/uploads/2020/04/eosbet__token_3drr-e1586788649240.png]
[bitgamble.org/wp-json/oembed/1.0/embedf7c3.json]
[bitgamble.org/wp-content/uploads/2020/04/2300-e1586788672606.png]
[bitgamble.org/wp-content/uploads/2020/04/1839-e1586788750396.png]
[bitgamble.org/bitcoin-casino/1xbit-2/feed/index.html]
[bitgamble.org/wp-json/oembed/1.0/embed40c3.json]
[bitgamble.org/wp-json/oembed/1.0/embed3871]
[bitgamble.org/bitcoin-casino/mbit-casino-reviews/feed/index.html]
[bitgamble.org/wp-json/oembed/1.0/embed1f77]
[bitgamble.org/wp-json/oembed/1.0/embed1e7f.json]
[bitgamble.org/bitcoin-casino/primedice-review-bitcoin-casino/feed/index.html]
[bitgamble.org/wp-json/oembed/1.0/embedc235]
[bitgamble.org/wp-json/oembed/1.0/embed1af4.json]
[bitgamble.org/bitcoin-casino/luckygames-review/feed/index.html]
[bitgamble.org/wp-json/oembed/1.0/embeda3e7]
[bitgamble.org/wp-json/oembed/1.0/embedb412.json]
[bitgamble.org/wp-content/uploads/2019/11/cardano-ada-coin-png-cardano-cryptocurrency-clipar-18e4df47ca4a4a14-e1575229591340.png]
[bitgamble.org/bitcoin-casino/trueflip-review-bitcoin-casino/feed/index.html]
[bitgamble.org/wp-json/oembed/1.0/embed4216.json]
[bitgamble.org/wp-content/uploads/2019/12/pngfuel.com_.png]
[bitgamble.org/wp-json/oembed/1.0/embedfdbf]
[bitgamble.org/bitcoin-casino/bspin-review-bitcoin-casino/feed/index.html]
[bitgamble.org/wp-json/oembed/1.0/embed3c90.json]
[bitgamble.org/wp-json/oembed/1.0/embedb56d]
[bitgamble.org/bitcoin-casino/playamo-review-bitcoin-casino/feed/index.html]
[bitgamble.org/wp-json/oembed/1.0/embed137e]
[bitgamble.org/wp-json/oembed/1.0/embed2ece.json]
[bitgamble.org/bitcoin-casino/bit-starz-review-bitcoin-casino-101/feed/index.html]
[bitgamble.org/wp-json/oembed/1.0/embeddd65]
[bitgamble.org/wp-json/oembed/1.0/embed1ce7.json]
[bitgamble.org/bitcoin-casino/crypto-games-review-bitcoin-casino/feed/index.html]
[bitgamble.org/wp-json/oembed/1.0/embed5d73]
[bitgamble.org/wp-json/oembed/1.0/embed3ef3.json]
[bitgamble.org/wp-content/uploads/2019/12/doge.png]
[bitgamble.org/bitcoin-casino/mega-dice-review-bitcoin-casino/feed/index.html]
[bitgamble.org/wp-content/uploads/2019/12/ETC-e1627028652265.png]
[bitgamble.org/wp-json/oembed/1.0/embede70f.json]
[bitgamble.org/bitcoin-casino/casino-chan-review-bitcoin-casino/feed/index.html]
[bitgamble.org/wp-json/oembed/1.0/embed5e2a]
[bitgamble.org/wp-json/oembed/1.0/embed0475.json]
[bitgamble.org/wp-json/oembed/1.0/embed4102]
[bitgamble.org/bitcoin-casino/syndicate-casino-review-bitcoin-casino-101/feed/index.html]
[bitgamble.org/wp-json/oembed/1.0/embed9007]
[bitgamble.org/wp-json/oembed/1.0/embedcf7b.json]
[bitgamble.org/wp-content/uploads/2020/05/poker-lobby.jpg]
[bitgamble.org/bitcoin-poker/coinpoker-review/feed/index.html]
[bitgamble.org/wp-json/oembed/1.0/embed4293.json]
[bitgamble.org/wp-content/uploads/2020/05/chp-e1590432891806.png]
[bitgamble.org/wp-json/oembed/1.0/embed7b91]
[bitgamble.org/wp-content/uploads/2020/05/pk-table.jpg]
[bitgamble.org/wp-content/uploads/2020/05/pk-table-1024x706.jpg]
[bitgamble.org/wp-content/uploads/2020/06/SWCPOKER.jpg]
[bitgamble.org/bitcoin-poker/swc-poker-review/feed/index.html]
[bitgamble.org/wp-json/oembed/1.0/embedcbfe.json]
[bitgamble.org/wp-content/uploads/2020/05/sssssssadf.jpg]
[bitgamble.org/wp-json/oembed/1.0/embed6a8b]
[bitgamble.org/bitcoin-poker/realpoker-net-review/feed/index.html]
[bitgamble.org/wp-json/oembed/1.0/embed72bb.json]
[bitgamble.org/wp-json/oembed/1.0/embed8b64]
[bitgamble.org/wp-content/uploads/2020/05/sssssssadf-1024x427.jpg]
[bitgamble.org/wp-content/uploads/2020/05/table.jpg]
[bitgamble.org/wp-content/uploads/2020/05/table-1024x447.jpg]
[bitgamble.org/wp-content/uploads/2020/08/FREE-BONUS.jpg]
[bitgamble.org/bitcoin-poker/blockchain-poker/feed/index.html]
[bitgamble.org/wp-json/oembed/1.0/embed1f4b.json]
[bitgamble.org/wp-json/oembed/1.0/embed3ad2]
[bitgamble.org/wp-content/uploads/2020/08/TOURN-1024x836.jpg]
[bitgamble.org/wp-content/uploads/2020/08/POKER5-1024x699.jpg]
[bitgamble.org/wp-content/uploads/2020/07/AUTOFAUCET.jpg]
[bitgamble.org/mining/firefaucet-win/feed/index.html]
[bitgamble.org/wp-json/oembed/1.0/embed84f6]
[bitgamble.org/wp-json/oembed/1.0/embed6333.json]
[bitgamble.org/wp-content/uploads/2020/07/1-2-3.jpg]
[bitgamble.org/wp-content/uploads/2020/07/RATE.jpg]
[bitgamble.org/mining/bitcoinker-review/feed/index.html]
[bitgamble.org/wp-json/oembed/1.0/embedeb79]
[bitgamble.org/wp-content/uploads/2020/07/BITCOIN.jpg]
[bitgamble.org/wp-json/oembed/1.0/embedd158.json]
[bitgamble.org/mining/crypto-mining-game/feed/index.html]
[bitgamble.org/wp-json/oembed/1.0/embed8000.json]
[bitgamble.org/wp-json/oembed/1.0/embed42bc]
[bitgamble.org/wp-content/uploads/2020/07/BITCOIN-1024x763.jpg]
[bitgamble.org/wp-content/uploads/2020/07/MAP-1024x578.jpg]
[bitgamble.org/wp-content/uploads/2020/07/FREE.jpg]
[bitgamble.org/mining/freebitco-in-review/feed/index.html]
[bitgamble.org/wp-json/oembed/1.0/embed8ae5]
[bitgamble.org/wp-content/uploads/2020/07/FAUCET.jpg]
[bitgamble.org/wp-json/oembed/1.0/embed1868.json]
[bitgamble.org/wp-content/uploads/2020/07/REWARD-POINTS.jpg]
[bitgamble.org/mining/coinfaucet-io/feed/index.html]
[bitgamble.org/wp-json/oembed/1.0/embed178a]
[bitgamble.org/wp-json/oembed/1.0/embedd2c2.json]
[bitgamble.org/mining/allcoins-pw/feed/index.html]
[bitgamble.org/wp-json/oembed/1.0/embedb8d2]
[bitgamble.org/wp-json/oembed/1.0/embed76de.json]
[bitgamble.org/wp-content/uploads/2020/06/steam.jpg]
[bitgamble.org/mining/earncrypto-com-review/feed/index.html]
[bitgamble.org/wp-json/oembed/1.0/embed6b99.json]
[bitgamble.org/mining/cointiply-bitcoin-faucet-review/feed/index.html]
[bitgamble.org/wp-json/oembed/1.0/embed5310]
[bitgamble.org/wp-json/oembed/1.0/embed4563]
[bitgamble.org/wp-json/oembed/1.0/embedb0f8.json]
[bitgamble.org/wp-content/uploads/2020/10/photo_2020-09-08_12-44-36.jpg]
[bitgamble.org/unibet/feed/index.html]
[bitgamble.org/wp-content/uploads/2020/10/p1.jpg]
[bitgamble.org/wp-json/oembed/1.0/embedf6a9.json]
[bitgamble.org/wp-json/oembed/1.0/embed2681]
[bitgamble.org/wp-content/uploads/2020/10/photo_2020-09-30_21-35-14.jpg]
[bitgamble.org/wp-content/uploads/2020/10/photo_2020-09-30_13-58-52-2.jpg]
[bitgamble.org/wp-content/uploads/2020/09/uniswap-logo-950x1024.png]
[bitgamble.org/how-to-uniswap/feed/index.html]
[bitgamble.org/wp-json/oembed/1.0/embed0b2b]
[bitgamble.org/wp-content/uploads/2020/09/photo_2020-10-23_00-51-10.jpg]
[bitgamble.org/wp-json/oembed/1.0/embedfa88.json]
[bitgamble.org/wp-content/uploads/2020/09/interfaceewew.jpg]
[bitgamble.org/lync-network-overview/feed/index.html]
[bitgamble.org/wp-json/oembed/1.0/embedcf96.json]
[bitgamble.org/wp-json/oembed/1.0/embed2872]
[bitgamble.org/wp-content/uploads/2020/09/o7Fpz4E_400x400.jpg]
[bitgamble.org/yfmoonshot-is-it-another-yf-clone/feed/index.html]
[bitgamble.org/wp-content/uploads/2020/09/DFQWDQWDQ.jpg]
[bitgamble.org/wp-content/uploads/2020/09/YFMOONSHOT-1.jpg]
[bitgamble.org/wp-json/oembed/1.0/embed0ba9]
[bitgamble.org/wp-json/oembed/1.0/embedc82b.json]
[bitgamble.org/vybe-finance/feed/index.html]
[bitgamble.org/wp-content/uploads/2020/09/70924405.png]
[bitgamble.org/wp-json/oembed/1.0/embed1941.json]
[bitgamble.org/wp-json/oembed/1.0/embed22ea]
[bitgamble.org/wp-content/uploads/2020/09/0z2bQDnW.jpg]
[bitgamble.org/wp-content/uploads/2020/09/VYBE.jpg]
[bitgamble.org/zeedex-crypto-exchange/feed/index.html]
[bitgamble.org/wp-content/uploads/2020/09/ZDEX.jpg]
[bitgamble.org/wp-json/oembed/1.0/embed20fc.json]
[bitgamble.org/wp-content/uploads/2020/08/Why-should-you-choose-to-play-Blackjack-online-1080x6751.jpg]
[bitgamble.org/where-to-play-bitcoin-blackjack/feed/index.html]
[bitgamble.org/wp-json/oembed/1.0/embeda310.json]
[bitgamble.org/wp-json/oembed/1.0/embedfd39]
[bitgamble.org/wp-content/uploads/2020/08/blackhjack.jpg]
[bitgamble.org/wp-content/uploads/2020/08/OIP.0OBDQbsyEWgGpZ7qlZwvjAAAAA1.jpg]
[bitgamble.org/ethereum-casino-list-2020/feed/index.html]
[bitgamble.org/wp-json/oembed/1.0/embed2368]
[bitgamble.org/wp-content/uploads/2020/07/tegeger1.jpg]
[bitgamble.org/wp-json/oembed/1.0/embed238a.json]
[bitgamble.org/the-great-bitcoin-twitter-hack/feed/index.html]
[bitgamble.org/wp-json/oembed/1.0/embed3319]
[bitgamble.org/wp-json/oembed/1.0/embedaf77.json]
[bitgamble.org/wp-content/uploads/2020/07/7db07b6196c21bb0d3665abd9925ba781.jpg]
[bitgamble.org/wp-json/oembed/1.0/embedacac.json]
[bitgamble.org/wp-content/plugins/popup-by-supsystic/modules/popup/img/assets/arrow/pps-arrow-left.png]
[bitgamble.org/types-of-bitcoin-casinos/feed/index.html]
[bitgamble.org/wp-json/oembed/1.0/embed1875]
[bitgamble.org/wp-content/plugins/popup-by-supsystic/modules/popup/img/assets/arrow/pps-arrow-right.png]
[bitgamble.org/wp-content/plugins/popup-by-supsystic/modules/popup/img/assets/close_btns/pps-close.png]
[bitgamble.org/wp-content/plugins/popup-by-supsystic/modules/popup/css/frontend.popup73b9.css]
[cdnjs.cloudflare.com/ajax/libs/animate.css/3.4.0/animate.min73b9.css]
[bitgamble.org/wp-content/uploads/2020/05/bitcoin-poker-150x150.jpg]
[bitgamble.org/wp-content/uploads/2020/04/ICxszKaC_400x400-150x150.jpg]
[bitgamble.org/wp-content/uploads/2020/02/red-ethereum_yog-joshi_oct20-150x150.jpg]
[bitgamble.org/wp-content/uploads/2020/01/blockchain-colorful-block-vector-19253041-150x150.jpg]
[bitgamble.org/wp-content/uploads/2019/12/btc-to-usd.png]
[bitgamble.org/wp-content/uploads/2019/12/5df6a3031273d-150x150.png]
[bitgamble.org/category/bitcoin-101/feed/index.html]
[bitgamble.org/category/scams/feed/index.html]
[bitgamble.org/category/uniswap/feed/index.html]
[bitgamble.org/wp-content/uploads/2019/12/5df6a3031273d.png]
[bitgamble.org/bitcoin-gambling-101-bitcoin-casino/feed/index.html]
[bitgamble.org/wp-json/oembed/1.0/embedbae3.json]
[bitgamble.org/wp-json/oembed/1.0/embed2766]
[bitgamble.org/wp-content/uploads/2020/04/ICxszKaC_400x400.jpg]
[bitgamble.org/what-are-provably-fair-games/feed/index.html]
[bitgamble.org/wp-json/oembed/1.0/embed319a.json]
[bitgamble.org/wp-content/uploads/2020/05/bitcoin-poker.jpg]
[bitgamble.org/wp-json/oembed/1.0/embed5503]
[bitgamble.org/best-bitcoin-poker-sites/feed/index.html]
[bitgamble.org/wp-json/oembed/1.0/embed1ec0.json]
[bitgamble.org/wp-content/uploads/2020/05/Bitcoin-Poker-Sites-1024x768.jpg]
[bitgamble.org/wp-json/oembed/1.0/embed3fef]
[bitgamble.org/wp-content/uploads/2020/02/red-ethereum_yog-joshi_oct20.jpg]
[bitgamble.org/ethereum-gambling/feed/index.html]
[bitgamble.org/wp-json/oembed/1.0/embed8426]
[bitgamble.org/wp-content/uploads/2020/01/blockchain-colorful-block-vector-19253041.jpg]
[bitgamble.org/wp-json/oembed/1.0/embed5e26.json]
[bitgamble.org/blockchain-technology-101-bitcoin-casino-reviews/feed/index.html]
[bitgamble.org/wp-json/oembed/1.0/embedd4c7]
[bitgamble.org/wp-json/oembed/1.0/embedfe2a.json]
[bitgamble.org/convert-btc-to-usdeur/feed/index.html]
[bitgamble.org/wp-json/oembed/1.0/embedbb91]
[bitgamble.org/wp-json/oembed/1.0/embed4ee5.json]
[bitgamble.org/wp-content/themes/hyipdog/assets/fonts/glyphicons-halflings-regular.eot]
[bitgamble.org/wp-content/plugins/wp-report-post/images/warning.png]
[bitgamble.org/wp-content/themes/hyipdog/assets/fonts/glyphicons-halflings-regulard41d.eot]
[bitgamble.org/wp-content/themes/hyipdog/assets/fonts/glyphicons-halflings-regular.woff2]
[bitgamble.org/wp-content/themes/hyipdog/assets/fonts/glyphicons-halflings-regular.woff]
[bitgamble.org/wp-content/themes/hyipdog/assets/fonts/glyphicons-halflings-regular.ttf]
[bitgamble.org/wp-content/themes/hyipdog/assets/images/BG_AT.jpg]
[bitgamble.org/wp-content/themes/hyipdog/assets/images/news_ico.png]
[bitgamble.org/wp-content/themes/hyipdog/assets/images/uniswapr.png]
[bitgamble.org/wp-content/themes/hyipdog/assets/images/home_ico.png]
[bitgamble.org/wp-content/themes/hyipdog/assets/images/about_ico.png]
[bitgamble.org/wp-content/themes/hyipdog/assets/images/list_ico.png]
[bitgamble.org/wp-content/themes/hyipdog/assets/images/bitcoin.png]
[bitgamble.org/wp-content/themes/hyipdog/assets/images/poker1.png]
[bitgamble.org/wp-content/themes/hyipdog/assets/images/mining_ico.png]
[bitgamble.org/wp-content/themes/hyipdog/assets/images/secure_ico.png]
[bitgamble.org/wp-content/themes/hyipdog/assets/images/page_title_bg.png]
[bitgamble.org/wp-content/themes/hyipdog/assets/images/skull_ico3860.png]
[bitgamble.org/wp-content/themes/hyipdog/assets/images/no_paying_bg.png]
[bitgamble.org/wp-content/themes/hyipdog/assets/images/pending_bgpurple.png]
[bitgamble.org/wp-content/themes/hyipdog/assets/images/paying_bg.png]
[bitgamble.org/wp-content/themes/hyipdog/assets/images/no_paying_bgcold.png]
[bitgamble.org/wp-content/themes/hyipdog/assets/images/slider_arrow_prev.png]
[bitgamble.org/wp-content/themes/hyipdog/assets/images/slider_arrow_next.png]
[bitgamble.org/wp-content/themes/hyipdog/assets/images/sort-arrows.png]
[bitgamble.org/wp-content/plugins/popup-by-supsystic/modules/popup/img/assets/arrow/pps-arrow-left.png]
[bitgamble.org/wp-content/plugins/popup-by-supsystic/modules/popup/img/assets/arrow/pps-arrow-right.png]
[bitgamble.org/wp-content/plugins/popup-by-supsystic/modules/popup/img/assets/close_btns/pps-close.png]
[bitgamble.org/wp-json/oembed/1.0/embed1917]
[cdnjs.cloudflare.com/cf.core.css]
[bitgamble.org/wp-json/oembed/1.0/embed3237]
[bitcoincasino101.com/indexd3a8.html]
[bitgamble.org/wp-content/themes/hyipdog/assets/fonts/glyphicons-halflings-regular.svg]
[bitgamble.org/wp-content/themes/hyipdog/assets/images/body_bg.html]
[bitgamble.org/wp-content/themes/hyipdog/assets/images/.html]
[supsystic-42d7.kxcdn.com/_assets/popup/img/assets/2016_ht_1_snow1.html]
[supsystic-42d7.kxcdn.com/_assets/popup/img/assets/2016_ht_1_snow2.html]
[supsystic-42d7.kxcdn.com/_assets/popup/img/assets/2016_ht_1_snow3.html]
[bitgamble.org/bitcoin-casino/index.html]
[bitgamble.org/bitcoin-casino/bitcoin-casino-reviews-stake-review/index.html]
[bitgamble.org/bitcoin-casino/bitcoin-casino-101-sportsbetio-review/index.html]
[bitgamble.org/bitcoin-casino/bitcoin-casino-101-cloudbet-review/index.html]
[bitgamble.org/bitcoin-casino/winz-io-casino-review/index.html]
[bitgamble.org/bitcoin-casino/goodmancasino-review/index.html]
[bitgamble.org/bitcoin-casino/cryptothrills-casino-review/index.html]
[bitgamble.org/bitcoin-casino/betroom24-review/index.html]
[bitgamble.org/bitcoin-casino/vegaz-casino-review/index.html]
[bitgamble.org/bitcoin-casino/melbet-casino-review/index.html]
[bitgamble.org/bitcoin-casino/peergame-review/index.html]
[bitgamble.org/bitcoin-casino/bc-game-review/index.html]
[bitgamble.org/bitcoin-casino/earnbet-casino/index.html]
[bitgamble.org/bitcoin-casino/1xbit-2/index.html]
[bitgamble.org/bitcoin-casino/mbit-casino-reviews/index.html]
[bitgamble.org/bitcoin-casino/primedice-review-bitcoin-casino/index.html]
[bitgamble.org/bitcoin-casino/luckygames-review/index.html]
[bitgamble.org/bitcoin-casino/trueflip-review-bitcoin-casino/index.html]
[bitgamble.org/bitcoin-casino/bspin-review-bitcoin-casino/index.html]
[bitgamble.org/bitcoin-casino/playamo-review-bitcoin-casino/index.html]
[bitgamble.org/bitcoin-casino/bit-starz-review-bitcoin-casino-101/index.html]
[bitgamble.org/bitcoin-casino/crypto-games-review-bitcoin-casino/index.html]
[bitgamble.org/bitcoin-casino/mega-dice-review-bitcoin-casino/index.html]
[bitgamble.org/bitcoin-casino/casino-chan-review-bitcoin-casino/index.html]
[bitgamble.org/bitcoin-casino/syndicate-casino-review-bitcoin-casino-101/index.html]
[bitgamble.org/cdn-cgi/l/email-protection.html]
[bitgamble.org/wp-admin/admin-ajaxa476.html]
[bitgamble.org/index0c42.html]
[bitgamble.org/bitcoin-poker/coinpoker-review/index.html]
[bitgamble.org/bitcoin-poker/swc-poker-review/index.html]
[bitgamble.org/bitcoin-poker/realpoker-net-review/index.html]
[bitgamble.org/bitcoin-poker/blockchain-poker/index.html]
[bitgamble.org/index89f6.html]
[bitgamble.org/mining/firefaucet-win/index.html]
[bitgamble.org/mining/bitcoinker-review/index.html]
[bitgamble.org/mining/crypto-mining-game/index.html]
[bitgamble.org/mining/freebitco-in-review/index.html]
[bitgamble.org/mining/coinfaucet-io/index.html]
[bitgamble.org/mining/allcoins-pw/index.html]
[bitgamble.org/mining/earncrypto-com-review/index.html]
[bitgamble.org/mining/cointiply-bitcoin-faucet-review/index.html]
[bitgamble.org/how-to-uniswap/index.html]
[bitgamble.org/lync-network-overview/index.html]
[bitgamble.org/yfmoonshot-is-it-another-yf-clone/index.html]
[bitgamble.org/vybe-finance/index.html]
[bitgamble.org/zeedex-crypto-exchange/index.html]
[bitgamble.org/where-to-play-bitcoin-blackjack/index.html]
[bitgamble.org/ethereum-casino-list-2020/index.html]
[bitgamble.org/types-of-bitcoin-casinos/index.html]
[bitgamble.org/page/2/indexa5e2.html]
[bitgamble.org/indexdc22.html]
[bitgamble.org/bitcoin-casino/bitcoin-casino-reviews-stake-review/.html]
[bitgamble.org/indexcb89.html]
[bitgamble.org/bitcoin-casino/bitcoin-casino-101-sportsbetio-review/.html]
[bitgamble.org/index8af0.html]
[bitcoincasino101.com/wp-content/uploads/2019/12/cloudbet-300x146.jpg]
[bitgamble.org/indexb015.html]
[bitgamble.org/bitcoin-casino/winz-io-casino-review/.html]
[bitgamble.org/indexcf8a.html]
[bitgamble.org/bitcoin-casino/goodmancasino-review/.html]
[bitgamble.org/index3afd.html]
[bitgamble.org/bitcoin-casino/cryptothrills-casino-review/.html]
[bitgamble.org/indexd7e6.html]
[bitgamble.org/bitcoin-casino/betroom24-review/.html]
[bitgamble.org/indexce2e.html]
[bitgamble.org/bitcoin-casino/vegaz-casino-review/.html]
[bitgamble.org/index28bc.html]
[bitgamble.org/bitcoin-casino/melbet-casino-review/.html]
[bitgamble.org/indexe3b6.html]
[bitgamble.org/bitcoin-casino/peergame-review/.html]
[bitgamble.org/index2202.html]
[bitgamble.org/bitcoin-casino/bc-game-review/.html]
[bitgamble.org/indexfef8.html]
[bitgamble.org/bitcoin-casino/earnbet-casino/.html]
[bitgamble.org/index12d0.html]
[bitgamble.org/bitcoin-casino/1xbit-2/.html]
[bitgamble.org/index7b2c.html]
[bitgamble.org/bitcoin-casino/mbit-casino-reviews/.html]
[bitgamble.org/index486a.html]
[bitgamble.org/bitcoin-casino/primedice-review-bitcoin-casino/.html]
[bitgamble.org/index8902.html]
[bitgamble.org/bitcoin-casino/luckygames-review/.html]
[bitgamble.org/indexc544.html]
[bitgamble.org/bitcoin-casino/trueflip-review-bitcoin-casino/.html]
[bitgamble.org/index6233.html]
[bitgamble.org/bitcoin-casino/bspin-review-bitcoin-casino/.html]
[bitgamble.org/indexe539.html]
[bitgamble.org/bitcoin-casino/playamo-review-bitcoin-casino/.html]
[bitgamble.org/indexd7d8.html]
[bitgamble.org/bitcoin-casino/bit-starz-review-bitcoin-casino-101/.html]
[bitgamble.org/index4580.html]
[bitgamble.org/bitcoin-casino/crypto-games-review-bitcoin-casino/.html]
[bitgamble.org/indexc094.html]
[bitgamble.org/bitcoin-casino/mega-dice-review-bitcoin-casino/.html]
[bitgamble.org/indexc140.html]
[bitgamble.org/bitcoin-casino/casino-chan-review-bitcoin-casino/.html]
[bitcoincasino101.com/wp-content/uploads/2019/12/casinochan-game-300x171.png]
[bitgamble.org/indexbe3b.html]
[bitgamble.org/bitcoin-casino/syndicate-casino-review-bitcoin-casino-101/.html]
[bitcoincasino101.com/wp-content/uploads/2019/12/hilo-syndicate-300x172.png]
[bitcoincasino101.com/wp-content/uploads/2019/12/syndicate-job-300x171.png]
[bitgamble.org/index3f75.html]
[bitgamble.org/bitcoin-poker/coinpoker-review/.html]
[bitgamble.org/indexb0e9.html]
[bitgamble.org/bitcoin-poker/swc-poker-review/.html]
[bitgamble.org/indexd030.html]
[bitgamble.org/bitcoin-poker/realpoker-net-review/.html]
[bitgamble.org/index8b2f.html]
[bitgamble.org/bitcoin-poker/blockchain-poker/.html]
[bitgamble.org/indexbcc1.html]
[bitgamble.org/index3a3f.html]
[bitgamble.org/bitcoin-gambling-101-bitcoin-casino/index.html]
[bitgamble.org/index4126.html]
[bitgamble.org/indexd379.html]
[bitgamble.org/what-are-provably-fair-games/index.html]
[bitgamble.org/index0745.html]
[bitgamble.org/index6a35.html]
[bitgamble.org/indexbbbc.html]
[bitgamble.org/index6905.html]
[bitgamble.org/indexd0d3.html]
[bitgamble.org/index2bd3.html]
[bitgamble.org/indexab1b.html]
[bitgamble.org/indexef2e.html]
[bitgamble.org/indexe83f.html]
[bitgamble.org/index6087.html]
[bitgamble.org/index7033.html]
[bitgamble.org/index04f2.html]
[bitgamble.org/index728e.html]
[bitgamble.org/index8e0b.html]
[bitgamble.org/best-bitcoin-poker-sites/index.html]
[bitgamble.org/ethereum-gambling/index.html]
[bitgamble.org/blockchain-technology-101-bitcoin-casino-reviews/index.html]
[bitgamble.org/convert-btc-to-usdeur/index.html]
[bitgamble.org/.html]
[bitgamble.org/index85b3.html]
[bitgamble.org/index8eaf.html]
[bitgamble.org/program/index.html]
[bitgamble.org/index6205.html]
[bitgamble.org/program/realpoker-net-review/index.html]
[bitgamble.org/index57e7.html]
[bitgamble.org/index8ee7.html]
[bitgamble.org/indexba86.html]
